{
  "totalCommits": 243,
  "lastSync": "2026-09-20T23:47:14.794Z",
  "logs": [
    {
      "id": "1789994434390-zhfg1q",
      "timestamp": "2026-09-20T23:47:14.794Z",
      "commitHash": "pending",
      "commitIndex": 1,
      "totalInRun": 4,
      "message": "refactor(graph): sync daily contribution metrics [Index 1/4]",
      "status": "SUCCESS"
    },
    {
      "id": "1789908040667-xnut5g",
      "timestamp": "2026-09-20T09:24:27.674Z",
      "commitHash": "pending",
      "commitIndex": 4,
      "totalInRun": 4,
      "message": "feat(engine): record distributed timestamp milestone [Index 4/4]",
      "status": "SUCCESS"
    },
    {
      "id": "1789908038680-mrmvs4",
      "timestamp": "2026-09-20T06:18:57.099Z",
      "commitHash": "7489582876637bdbff51e9cc179f9bb2aa6eeb0b",
      "commitIndex": 3,
      "totalInRun": 4,
      "message": "docs(streak): update dynamic README telemetry [Index 3/4]",
      "status": "SUCCESS"
    },
    {
      "id": "1789908036632-y34p2x",
      "timestamp": "2026-09-20T03:15:38.030Z",
      "commitHash": "4d50931628058ad76f577df5c4b5626a1f121c0f",
      "commitIndex": 2,
      "totalInRun": 4,
      "message": "chore(auto): maintain daily activity ledger [Index 2/4]",
      "status": "SUCCESS"
    },
    {
      "id": "1789908034429-5n6xyq",
      "timestamp": "2026-09-19T23:53:02.116Z",
      "commitHash": "9799806b6f3e97c84b062c6343ef1c6582ddf726",
      "commitIndex": 1,
      "totalInRun": 4,
      "message": "refactor(graph): sync daily contribution metrics [Index 1/4]",
      "status": "SUCCESS"
    },
    {
      "id": "1789821638544-6y21s6",
      "timestamp": "2026-09-19T08:56:14.366Z",
      "commitHash": "pending",
      "commitIndex": 3,
      "totalInRun": 3,
      "message": "docs(streak): update dynamic README telemetry [Index 3/3]",
      "status": "SUCCESS"
    },
    {
      "id": "1789821636487-vt9iro",
      "timestamp": "2026-09-19T05:00:27.969Z",
      "commitHash": "377094507e6f3499469ad212d7c2841c22d2f87c",
      "commitIndex": 2,
      "totalInRun": 3,
      "message": "chore(auto): maintain daily activity ledger [Index 2/3]",
      "status": "SUCCESS"
    },
    {
      "id": "1789821634398-is376k",
      "timestamp": "2026-09-19T00:51:55.606Z",
      "commitHash": "307efbfbc4d4291ebb3c182a1241e6cbc9bbcf03",
      "commitIndex": 1,
      "totalInRun": 3,
      "message": "refactor(graph): sync daily contribution metrics [Index 1/3]",
      "status": "SUCCESS"
    },
    {
      "id": "1789735237352-riigpk",
      "timestamp": "2026-09-18T07:23:09.248Z",
      "commitHash": "pending",
      "commitIndex": 2,
      "totalInRun": 2,
      "message": "chore(auto): maintain daily activity ledger [Index 2/2]",
      "status": "SUCCESS"
    },
    {
      "id": "1789735234684-fa2egj",
      "timestamp": "2026-09-18T02:18:27.397Z",
      "commitHash": "999944cb6a9375ae0d2dfc151e8d23cda0471b2c",
      "commitIndex": 1,
      "totalInRun": 2,
      "message": "refactor(graph): sync daily contribution metrics [Index 1/2]",
      "status": "SUCCESS"
    },
    {
      "id": "1789648844161-t9traz",
      "timestamp": "2026-09-17T10:11:49.428Z",
      "commitHash": "pending",
      "commitIndex": 5,
      "totalInRun": 5,
      "message": "perf(graph): optimize daily contribution spread [Index 5/5]",
      "status": "SUCCESS"
    },
    {
      "id": "1789648841760-srzz75",
      "timestamp": "2026-09-17T07:09:50.646Z",
      "commitHash": "f919df287b1a1e4d13836dc25eec4b9557ad8312",
      "commitIndex": 4,
      "totalInRun": 5,
      "message": "feat(engine): record distributed timestamp milestone [Index 4/5]",
      "status": "SUCCESS"
    },
    {
      "id": "1789648839453-ej4wjk",
      "timestamp": "2026-09-17T04:36:52.575Z",
      "commitHash": "52163d615f9cb28020f99fee7ce540d13015da0b",
      "commitIndex": 3,
      "totalInRun": 5,
      "message": "docs(streak): update dynamic README telemetry [Index 3/5]",
      "status": "SUCCESS"
    },
    {
      "id": "1789648837186-kxrjkr",
      "timestamp": "2026-09-17T01:52:41.401Z",
      "commitHash": "76d32998ebcfb703cce45002f435cf993f21daf1",
      "commitIndex": 2,
      "totalInRun": 5,
      "message": "chore(auto): maintain daily activity ledger [Index 2/5]",
      "status": "SUCCESS"
    },
    {
      "id": "1789648834543-qtco55",
      "timestamp": "2026-09-16T23:23:37.212Z",
      "commitHash": "63625a76da5e03cbda67518edb53ca4a86a120ff",
      "commitIndex": 1,
      "totalInRun": 5,
      "message": "refactor(graph): sync daily contribution metrics [Index 1/5]",
      "status": "SUCCESS"
    },
    {
      "id": "1789562444804-zon1p9",
      "timestamp": "2026-09-16T09:50:22.859Z",
      "commitHash": "pending",
      "commitIndex": 5,
      "totalInRun": 5,
      "message": "perf(graph): optimize daily contribution spread [Index 5/5]",
      "status": "SUCCESS"
    },
    {
      "id": "1789562442363-whfadd",
      "timestamp": "2026-09-16T07:28:35.113Z",
      "commitHash": "f1f53176c490a0787a993c3fbe350ccc5833db59",
      "commitIndex": 4,
      "totalInRun": 5,
      "message": "feat(engine): record distributed timestamp milestone [Index 4/5]",
      "status": "SUCCESS"
    },
    {
      "id": "1789562439895-ksefwt",
      "timestamp": "2026-09-16T04:45:45.988Z",
      "commitHash": "00f9ac5e39d3b066fa103faac03d0f1ce3ec8253",
      "commitIndex": 3,
      "totalInRun": 5,
      "message": "docs(streak): update dynamic README telemetry [Index 3/5]",
      "status": "SUCCESS"
    },
    {
      "id": "1789562437269-ivr8wm",
      "timestamp": "2026-09-16T02:18:54.734Z",
      "commitHash": "7cf0b854c9d0fda3b147a3fea5514aabd58b4929",
      "commitIndex": 2,
      "totalInRun": 5,
      "message": "chore(auto): maintain daily activity ledger [Index 2/5]",
      "status": "SUCCESS"
    },
    {
      "id": "1789562434541-u3eai4",
      "timestamp": "2026-09-15T23:16:00.986Z",
      "commitHash": "b066ff2a8db7d302cc87b3d1f29f99c6dfb74eb9",
      "commitIndex": 1,
      "totalInRun": 5,
      "message": "refactor(graph): sync daily contribution metrics [Index 1/5]",
      "status": "SUCCESS"
    },
    {
      "id": "1789476041427-ak5llv",
      "timestamp": "2026-09-15T09:27:53.652Z",
      "commitHash": "pending",
      "commitIndex": 4,
      "totalInRun": 4,
      "message": "feat(engine): record distributed timestamp milestone [Index 4/4]",
      "status": "SUCCESS"
    },
    {
      "id": "1789476039112-rgky8r",
      "timestamp": "2026-09-15T06:00:56.914Z",
      "commitHash": "1d804b285ff43936d9f6efcbfcbca16b1e5b6fef",
      "commitIndex": 3,
      "totalInRun": 4,
      "message": "docs(streak): update dynamic README telemetry [Index 3/4]",
      "status": "SUCCESS"
    },
    {
      "id": "1789476036982-31z4i4",
      "timestamp": "2026-09-15T03:20:09.702Z",
      "commitHash": "afa427fc95d11dfae0cc4228bc604f54a8eafdf8",
      "commitIndex": 2,
      "totalInRun": 4,
      "message": "chore(auto): maintain daily activity ledger [Index 2/4]",
      "status": "SUCCESS"
    },
    {
      "id": "1789476034548-tbkgwb",
      "timestamp": "2026-09-14T23:58:53.712Z",
      "commitHash": "0b302a8454a1fcc3d30eadc6e0b48689dd324c74",
      "commitIndex": 1,
      "totalInRun": 4,
      "message": "refactor(graph): sync daily contribution metrics [Index 1/4]",
      "status": "SUCCESS"
    },
    {
      "id": "1789389643459-7o2zqn",
      "timestamp": "2026-09-14T10:07:57.296Z",
      "commitHash": "pending",
      "commitIndex": 5,
      "totalInRun": 5,
      "message": "perf(graph): optimize daily contribution spread [Index 5/5]",
      "status": "SUCCESS"
    },
    {
      "id": "1789389641284-ls50ja",
      "timestamp": "2026-09-14T07:19:49.820Z",
      "commitHash": "e00293574b7590b153109304902b61d2e7b79b00",
      "commitIndex": 4,
      "totalInRun": 5,
      "message": "feat(engine): record distributed timestamp milestone [Index 4/5]",
      "status": "SUCCESS"
    },
    {
      "id": "1789389639068-9ooaxs",
      "timestamp": "2026-09-14T04:55:14.786Z",
      "commitHash": "bd63a448b1851fe8f33ab047bd415767ea590df0",
      "commitIndex": 3,
      "totalInRun": 5,
      "message": "docs(streak): update dynamic README telemetry [Index 3/5]",
      "status": "SUCCESS"
    },
    {
      "id": "1789389636853-fz34rd",
      "timestamp": "2026-09-14T02:09:18.368Z",
      "commitHash": "3879ceaca306e645bffd9cb536bdbb087b516a10",
      "commitIndex": 2,
      "totalInRun": 5,
      "message": "chore(auto): maintain daily activity ledger [Index 2/5]",
      "status": "SUCCESS"
    },
    {
      "id": "1789389634636-f9ky30",
      "timestamp": "2026-09-13T23:25:59.760Z",
      "commitHash": "1814c11d380a641bec2f9580aebe94af3bade17b",
      "commitIndex": 1,
      "totalInRun": 5,
      "message": "refactor(graph): sync daily contribution metrics [Index 1/5]",
      "status": "SUCCESS"
    },
    {
      "id": "1789303243602-5a5cvu",
      "timestamp": "2026-09-13T10:19:42.707Z",
      "commitHash": "pending",
      "commitIndex": 5,
      "totalInRun": 5,
      "message": "perf(graph): optimize daily contribution spread [Index 5/5]",
      "status": "SUCCESS"
    },
    {
      "id": "1789303241214-du0l57",
      "timestamp": "2026-09-13T07:05:28.942Z",
      "commitHash": "14e14b9af2ab701b6c6cbb51a0f6cbe503a1a6d1",
      "commitIndex": 4,
      "totalInRun": 5,
      "message": "feat(engine): record distributed timestamp milestone [Index 4/5]",
      "status": "SUCCESS"
    },
    {
      "id": "1789303238872-ynb39f",
      "timestamp": "2026-09-13T04:41:43.969Z",
      "commitHash": "4fb470b653c70231e41c1f75190cf5fa4d717ed8",
      "commitIndex": 3,
      "totalInRun": 5,
      "message": "docs(streak): update dynamic README telemetry [Index 3/5]",
      "status": "SUCCESS"
    },
    {
      "id": "1789303236815-g2q1d3",
      "timestamp": "2026-09-13T01:56:22.633Z",
      "commitHash": "62c86886516876b2621fa86df131e512dace1493",
      "commitIndex": 2,
      "totalInRun": 5,
      "message": "chore(auto): maintain daily activity ledger [Index 2/5]",
      "status": "SUCCESS"
    },
    {
      "id": "1789303234428-nxay96",
      "timestamp": "2026-09-12T23:23:05.216Z",
      "commitHash": "87e06d6390b49305586de2a6dceb71b1fae57677",
      "commitIndex": 1,
      "totalInRun": 5,
      "message": "refactor(graph): sync daily contribution metrics [Index 1/5]",
      "status": "SUCCESS"
    },
    {
      "id": "1789216838697-lwvich",
      "timestamp": "2026-09-12T08:30:34.622Z",
      "commitHash": "pending",
      "commitIndex": 3,
      "totalInRun": 3,
      "message": "docs(streak): update dynamic README telemetry [Index 3/3]",
      "status": "SUCCESS"
    },
    {
      "id": "1789216836616-laijfl",
      "timestamp": "2026-09-12T04:40:44.323Z",
      "commitHash": "ca247a9efbc01384207f366e6802ef21d8aded1e",
      "commitIndex": 2,
      "totalInRun": 3,
      "message": "chore(auto): maintain daily activity ledger [Index 2/3]",
      "status": "SUCCESS"
    },
    {
      "id": "1789216834441-68r2b7",
      "timestamp": "2026-09-12T00:40:42.931Z",
      "commitHash": "7cca6b1a97becbadf2092e93f8b03130dac68cb7",
      "commitIndex": 1,
      "totalInRun": 3,
      "message": "refactor(graph): sync daily contribution metrics [Index 1/3]",
      "status": "SUCCESS"
    },
    {
      "id": "1789130437285-9csi0e",
      "timestamp": "2026-09-11T07:03:20.971Z",
      "commitHash": "pending",
      "commitIndex": 2,
      "totalInRun": 2,
      "message": "chore(auto): maintain daily activity ledger [Index 2/2]",
      "status": "SUCCESS"
    },
    {
      "id": "1789130434676-rjcbbs",
      "timestamp": "2026-09-11T02:03:45.451Z",
      "commitHash": "486bd8ab41ade6d56a83ccca766b633124a2b3ae",
      "commitIndex": 1,
      "totalInRun": 2,
      "message": "refactor(graph): sync daily contribution metrics [Index 1/2]",
      "status": "SUCCESS"
    },
    {
      "id": "1789044040798-0qccag",
      "timestamp": "2026-09-10T08:35:35.912Z",
      "commitHash": "pending",
      "commitIndex": 3,
      "totalInRun": 3,
      "message": "docs(streak): update dynamic README telemetry [Index 3/3]",
      "status": "SUCCESS"
    },
    {
      "id": "1789044037574-i47tgy",
      "timestamp": "2026-09-10T04:40:07.680Z",
      "commitHash": "c7fed0a8bcbd3bc0a743125eea39eeb5bf101952",
      "commitIndex": 2,
      "totalInRun": 3,
      "message": "chore(auto): maintain daily activity ledger [Index 2/3]",
      "status": "SUCCESS"
    },
    {
      "id": "1789044034704-ew9aye",
      "timestamp": "2026-09-10T00:23:51.988Z",
      "commitHash": "b20460f51d98a5b9ac5977254305101436ea1eea",
      "commitIndex": 1,
      "totalInRun": 3,
      "message": "refactor(graph): sync daily contribution metrics [Index 1/3]",
      "status": "SUCCESS"
    },
    {
      "id": "1788957639711-w8bcez",
      "timestamp": "2026-09-09T08:57:25.066Z",
      "commitHash": "pending",
      "commitIndex": 3,
      "totalInRun": 3,
      "message": "docs(streak): update dynamic README telemetry [Index 3/3]",
      "status": "SUCCESS"
    },
    {
      "id": "1788957637431-igdihw",
      "timestamp": "2026-09-09T04:34:35.672Z",
      "commitHash": "83aca8ea506ce12bc8564b0023960f74d4e4f186",
      "commitIndex": 2,
      "totalInRun": 3,
      "message": "chore(auto): maintain daily activity ledger [Index 2/3]",
      "status": "SUCCESS"
    },
    {
      "id": "1788957634629-nhbcfr",
      "timestamp": "2026-09-09T00:48:37.567Z",
      "commitHash": "2dd445f35a1237683b498d9f7632b8fee602b24b",
      "commitIndex": 1,
      "totalInRun": 3,
      "message": "refactor(graph): sync daily contribution metrics [Index 1/3]",
      "status": "SUCCESS"
    },
    {
      "id": "1788871239578-skdln1",
      "timestamp": "2026-09-08T08:53:09.872Z",
      "commitHash": "pending",
      "commitIndex": 3,
      "totalInRun": 3,
      "message": "docs(streak): update dynamic README telemetry [Index 3/3]",
      "status": "SUCCESS"
    },
    {
      "id": "1788871237169-egodja",
      "timestamp": "2026-09-08T04:24:13.536Z",
      "commitHash": "06a269180da2a88604a56a1fd032b47f0313de6f",
      "commitIndex": 2,
      "totalInRun": 3,
      "message": "chore(auto): maintain daily activity ledger [Index 2/3]",
      "status": "SUCCESS"
    },
    {
      "id": "1788871234581-jf7wbv",
      "timestamp": "2026-09-08T00:44:55.760Z",
      "commitHash": "9def0fd9df266a659ee2e4263e949f2547f3f067",
      "commitIndex": 1,
      "totalInRun": 3,
      "message": "refactor(graph): sync daily contribution metrics [Index 1/3]",
      "status": "SUCCESS"
    },
    {
      "id": "1788784841441-iiecna",
      "timestamp": "2026-09-07T09:12:37.366Z",
      "commitHash": "pending",
      "commitIndex": 4,
      "totalInRun": 4,
      "message": "feat(engine): record distributed timestamp milestone [Index 4/4]",
      "status": "SUCCESS"
    },
    {
      "id": "1788784839277-l9snlc",
      "timestamp": "2026-09-07T05:59:12.820Z",
      "commitHash": "88c279a93c909955355a78deb5341cf526e10278",
      "commitIndex": 3,
      "totalInRun": 4,
      "message": "docs(streak): update dynamic README telemetry [Index 3/4]",
      "status": "SUCCESS"
    },
    {
      "id": "1788784836989-u8rgdp",
      "timestamp": "2026-09-07T03:08:37.288Z",
      "commitHash": "f3e057a44b22b1b1799f3e6d07d8531df40f9610",
      "commitIndex": 2,
      "totalInRun": 4,
      "message": "chore(auto): maintain daily activity ledger [Index 2/4]",
      "status": "SUCCESS"
    },
    {
      "id": "1788784834816-aehan0",
      "timestamp": "2026-09-07T00:10:06.163Z",
      "commitHash": "34a7e44b11100522bd84f5124832217ebee6415e",
      "commitIndex": 1,
      "totalInRun": 4,
      "message": "refactor(graph): sync daily contribution metrics [Index 1/4]",
      "status": "SUCCESS"
    },
    {
      "id": "1788698438885-60tlug",
      "timestamp": "2026-09-06T08:42:58.960Z",
      "commitHash": "pending",
      "commitIndex": 3,
      "totalInRun": 3,
      "message": "docs(streak): update dynamic README telemetry [Index 3/3]",
      "status": "SUCCESS"
    },
    {
      "id": "1788698436692-u1bxn6",
      "timestamp": "2026-09-06T04:35:44.380Z",
      "commitHash": "8b5208ffc07f802c0ad633ba9344c8fdae0e491f",
      "commitIndex": 2,
      "totalInRun": 3,
      "message": "chore(auto): maintain daily activity ledger [Index 2/3]",
      "status": "SUCCESS"
    },
    {
      "id": "1788698434460-g5s6j3",
      "timestamp": "2026-09-06T00:28:34.239Z",
      "commitHash": "c793c1516e77f1bcfd06fc731b01b63cfbb46f37",
      "commitIndex": 1,
      "totalInRun": 3,
      "message": "refactor(graph): sync daily contribution metrics [Index 1/3]",
      "status": "SUCCESS"
    },
    {
      "id": "1788612038721-xuxcxq",
      "timestamp": "2026-09-05T08:22:19.705Z",
      "commitHash": "pending",
      "commitIndex": 3,
      "totalInRun": 3,
      "message": "docs(streak): update dynamic README telemetry [Index 3/3]",
      "status": "SUCCESS"
    },
    {
      "id": "1788612036739-5e5vmb",
      "timestamp": "2026-09-05T04:36:07.356Z",
      "commitHash": "31585ef36aa18b042ce02b303642c970d90860f2",
      "commitIndex": 2,
      "totalInRun": 3,
      "message": "chore(auto): maintain daily activity ledger [Index 2/3]",
      "status": "SUCCESS"
    },
    {
      "id": "1788612034529-61jb8b",
      "timestamp": "2026-09-05T00:35:12.541Z",
      "commitHash": "77e4ba370e0f5f965a773a916d158efef4427a13",
      "commitIndex": 1,
      "totalInRun": 3,
      "message": "refactor(graph): sync daily contribution metrics [Index 1/3]",
      "status": "SUCCESS"
    },
    {
      "id": "1788525642783-7ib9mo",
      "timestamp": "2026-09-04T09:28:38.158Z",
      "commitHash": "pending",
      "commitIndex": 4,
      "totalInRun": 4,
      "message": "feat(engine): record distributed timestamp milestone [Index 4/4]",
      "status": "SUCCESS"
    },
    {
      "id": "1788525640073-eek7lb",
      "timestamp": "2026-09-04T05:57:01.558Z",
      "commitHash": "6a3e001d764f6bd483a937f7863e136ecaced8d4",
      "commitIndex": 3,
      "totalInRun": 4,
      "message": "docs(streak): update dynamic README telemetry [Index 3/4]",
      "status": "SUCCESS"
    },
    {
      "id": "1788525637513-tx5d4e",
      "timestamp": "2026-09-04T03:02:50.775Z",
      "commitHash": "832eb38703077b1a7a55bc35bcf53f196ac1e5bc",
      "commitIndex": 2,
      "totalInRun": 4,
      "message": "chore(auto): maintain daily activity ledger [Index 2/4]",
      "status": "SUCCESS"
    },
    {
      "id": "1788525635012-aczq67",
      "timestamp": "2026-09-04T00:02:45.925Z",
      "commitHash": "cbb5e17be9c067bfdd94ff65b2aee058bf0997f8",
      "commitIndex": 1,
      "totalInRun": 4,
      "message": "refactor(graph): sync daily contribution metrics [Index 1/4]",
      "status": "SUCCESS"
    },
    {
      "id": "1788439239906-kaht0q",
      "timestamp": "2026-09-03T08:25:31.145Z",
      "commitHash": "pending",
      "commitIndex": 3,
      "totalInRun": 3,
      "message": "docs(streak): update dynamic README telemetry [Index 3/3]",
      "status": "SUCCESS"
    },
    {
      "id": "1788439237259-gyye6e",
      "timestamp": "2026-09-03T04:44:57.263Z",
      "commitHash": "9a69a1de0c28863619efd372a5bce596ff44d307",
      "commitIndex": 2,
      "totalInRun": 3,
      "message": "chore(auto): maintain daily activity ledger [Index 2/3]",
      "status": "SUCCESS"
    },
    {
      "id": "1788439234908-rrkz69",
      "timestamp": "2026-09-03T00:29:37.446Z",
      "commitHash": "78bb70e26c49d2eb98b0d037e2189ace7eb75cda",
      "commitIndex": 1,
      "totalInRun": 3,
      "message": "refactor(graph): sync daily contribution metrics [Index 1/3]",
      "status": "SUCCESS"
    },
    {
      "id": "1788352838289-q6ewzu",
      "timestamp": "2026-09-02T07:10:23.391Z",
      "commitHash": "pending",
      "commitIndex": 2,
      "totalInRun": 2,
      "message": "chore(auto): maintain daily activity ledger [Index 2/2]",
      "status": "SUCCESS"
    },
    {
      "id": "1788352835471-owlv68",
      "timestamp": "2026-09-02T01:57:40.204Z",
      "commitHash": "b9aefc1ffda16b3484f276f53116259a51577976",
      "commitIndex": 1,
      "totalInRun": 2,
      "message": "refactor(graph): sync daily contribution metrics [Index 1/2]",
      "status": "SUCCESS"
    },
    {
      "id": "1788266440529-jkfmke",
      "timestamp": "2026-09-01T08:57:21.627Z",
      "commitHash": "pending",
      "commitIndex": 3,
      "totalInRun": 3,
      "message": "docs(streak): update dynamic README telemetry [Index 3/3]",
      "status": "SUCCESS"
    },
    {
      "id": "1788266437922-6ee9z7",
      "timestamp": "2026-09-01T04:35:49.350Z",
      "commitHash": "e6157f4c8154212f9b5a81a35677a8199e1321e7",
      "commitIndex": 2,
      "totalInRun": 3,
      "message": "chore(auto): maintain daily activity ledger [Index 2/3]",
      "status": "SUCCESS"
    },
    {
      "id": "1788266434911-rufiqp",
      "timestamp": "2026-09-01T00:49:42.479Z",
      "commitHash": "5bb64f20b164cb4e6606dc7c3ff33b6e235f8253",
      "commitIndex": 1,
      "totalInRun": 3,
      "message": "refactor(graph): sync daily contribution metrics [Index 1/3]",
      "status": "SUCCESS"
    },
    {
      "id": "1788180038121-r2ois7",
      "timestamp": "2026-08-31T07:30:12.724Z",
      "commitHash": "pending",
      "commitIndex": 2,
      "totalInRun": 2,
      "message": "chore(auto): maintain daily activity ledger [Index 2/2]",
      "status": "SUCCESS"
    },
    {
      "id": "1788180034914-6nabc1",
      "timestamp": "2026-08-31T01:51:01.174Z",
      "commitHash": "adac92c6cfd3052d257a1d40c2c104543eb63009",
      "commitIndex": 1,
      "totalInRun": 2,
      "message": "refactor(graph): sync daily contribution metrics [Index 1/2]",
      "status": "SUCCESS"
    },
    {
      "id": "1788093638763-qtpm54",
      "timestamp": "2026-08-30T08:41:19.386Z",
      "commitHash": "pending",
      "commitIndex": 3,
      "totalInRun": 3,
      "message": "docs(streak): update dynamic README telemetry [Index 3/3]",
      "status": "SUCCESS"
    },
    {
      "id": "1788093636613-bsnj1n",
      "timestamp": "2026-08-30T04:48:40.815Z",
      "commitHash": "5391e6dd9e7de8e539e483436486022a80a5c552",
      "commitIndex": 2,
      "totalInRun": 3,
      "message": "chore(auto): maintain daily activity ledger [Index 2/3]",
      "status": "SUCCESS"
    },
    {
      "id": "1788093634366-95bko5",
      "timestamp": "2026-08-30T00:23:18.797Z",
      "commitHash": "3a542f9802a223ea6b112706b8b3fe16458d8439",
      "commitIndex": 1,
      "totalInRun": 3,
      "message": "refactor(graph): sync daily contribution metrics [Index 1/3]",
      "status": "SUCCESS"
    },
    {
      "id": "1788007238680-d32l6g",
      "timestamp": "2026-08-29T08:47:32.804Z",
      "commitHash": "pending",
      "commitIndex": 3,
      "totalInRun": 3,
      "message": "docs(streak): update dynamic README telemetry [Index 3/3]",
      "status": "SUCCESS"
    },
    {
      "id": "1788007236645-qi0lwh",
      "timestamp": "2026-08-29T04:46:43.294Z",
      "commitHash": "cde0efa1488698cc4ca3407016e4e70e801f33f6",
      "commitIndex": 2,
      "totalInRun": 3,
      "message": "chore(auto): maintain daily activity ledger [Index 2/3]",
      "status": "SUCCESS"
    },
    {
      "id": "1788007234503-vo4249",
      "timestamp": "2026-08-29T00:48:56.123Z",
      "commitHash": "863c41e498c4f16eeda386cf9230916a7d631640",
      "commitIndex": 1,
      "totalInRun": 3,
      "message": "refactor(graph): sync daily contribution metrics [Index 1/3]",
      "status": "SUCCESS"
    },
    {
      "id": "1787920843614-dhroj0",
      "timestamp": "2026-08-28T09:46:31.198Z",
      "commitHash": "pending",
      "commitIndex": 5,
      "totalInRun": 5,
      "message": "perf(graph): optimize daily contribution spread [Index 5/5]",
      "status": "SUCCESS"
    },
    {
      "id": "1787920841282-m2unx1",
      "timestamp": "2026-08-28T07:12:59.972Z",
      "commitHash": "07c945aed0fe860a045f270c6874d2108ca4bb61",
      "commitIndex": 4,
      "totalInRun": 5,
      "message": "feat(engine): record distributed timestamp milestone [Index 4/5]",
      "status": "SUCCESS"
    },
    {
      "id": "1787920839108-l7rav3",
      "timestamp": "2026-08-28T04:51:03.621Z",
      "commitHash": "dedb7dd34a9d28682e483622695df84572ef6bb7",
      "commitIndex": 3,
      "totalInRun": 5,
      "message": "docs(streak): update dynamic README telemetry [Index 3/5]",
      "status": "SUCCESS"
    },
    {
      "id": "1787920836816-9wkreu",
      "timestamp": "2026-08-28T02:02:08.571Z",
      "commitHash": "2ab9aa08c676db26754deda26302fc6d13c00f34",
      "commitIndex": 2,
      "totalInRun": 5,
      "message": "chore(auto): maintain daily activity ledger [Index 2/5]",
      "status": "SUCCESS"
    },
    {
      "id": "1787920834536-lhdi93",
      "timestamp": "2026-08-27T23:03:39.098Z",
      "commitHash": "48012c87216cc2e84d6c1341c4d451f2201e6ba9",
      "commitIndex": 1,
      "totalInRun": 5,
      "message": "refactor(graph): sync daily contribution metrics [Index 1/5]",
      "status": "SUCCESS"
    },
    {
      "id": "1787834443940-yzycem",
      "timestamp": "2026-08-27T10:01:10.359Z",
      "commitHash": "pending",
      "commitIndex": 5,
      "totalInRun": 5,
      "message": "perf(graph): optimize daily contribution spread [Index 5/5]",
      "status": "SUCCESS"
    },
    {
      "id": "1787834441778-sq7ug6",
      "timestamp": "2026-08-27T07:18:07.007Z",
      "commitHash": "7ec6a38865f902405a96ae447e2b51fb39ae40bd",
      "commitIndex": 4,
      "totalInRun": 5,
      "message": "feat(engine): record distributed timestamp milestone [Index 4/5]",
      "status": "SUCCESS"
    },
    {
      "id": "1787834439501-b2k54m",
      "timestamp": "2026-08-27T04:47:24.345Z",
      "commitHash": "17b2cd71f05f8970edc683fe195a8aedda1cdc2d",
      "commitIndex": 3,
      "totalInRun": 5,
      "message": "docs(streak): update dynamic README telemetry [Index 3/5]",
      "status": "SUCCESS"
    },
    {
      "id": "1787834437146-13p0x3",
      "timestamp": "2026-08-27T01:54:49.441Z",
      "commitHash": "0b10490658ef165681ef6a178db3ca04ff24b84a",
      "commitIndex": 2,
      "totalInRun": 5,
      "message": "chore(auto): maintain daily activity ledger [Index 2/5]",
      "status": "SUCCESS"
    },
    {
      "id": "1787834434676-zvspo0",
      "timestamp": "2026-08-26T23:22:59.800Z",
      "commitHash": "afa5e9be2f6ce1e0e6d4ff83a6011cfa01b5a3e1",
      "commitIndex": 1,
      "totalInRun": 5,
      "message": "refactor(graph): sync daily contribution metrics [Index 1/5]",
      "status": "SUCCESS"
    },
    {
      "id": "1787748039812-5v10jt",
      "timestamp": "2026-08-26T08:26:50.880Z",
      "commitHash": "pending",
      "commitIndex": 3,
      "totalInRun": 3,
      "message": "docs(streak): update dynamic README telemetry [Index 3/3]",
      "status": "SUCCESS"
    },
    {
      "id": "1787748037262-ro54di",
      "timestamp": "2026-08-26T04:56:12.379Z",
      "commitHash": "657544b0546e0bebfad29135dc81f2fd94341ed0",
      "commitIndex": 2,
      "totalInRun": 3,
      "message": "chore(auto): maintain daily activity ledger [Index 2/3]",
      "status": "SUCCESS"
    },
    {
      "id": "1787748034487-i5mfoh",
      "timestamp": "2026-08-26T00:28:02.738Z",
      "commitHash": "1b48c575acef1a12d2827a05032b45d0d714484d",
      "commitIndex": 1,
      "totalInRun": 3,
      "message": "refactor(graph): sync daily contribution metrics [Index 1/3]",
      "status": "SUCCESS"
    },
    {
      "id": "1787661639533-23rdne",
      "timestamp": "2026-08-25T08:51:49.956Z",
      "commitHash": "pending",
      "commitIndex": 3,
      "totalInRun": 3,
      "message": "docs(streak): update dynamic README telemetry [Index 3/3]",
      "status": "SUCCESS"
    },
    {
      "id": "1787661637225-uzht0d",
      "timestamp": "2026-08-25T04:34:04.956Z",
      "commitHash": "5b57a5b94df6c1563e47766d3f361464780005a4",
      "commitIndex": 2,
      "totalInRun": 3,
      "message": "chore(auto): maintain daily activity ledger [Index 2/3]",
      "status": "SUCCESS"
    },
    {
      "id": "1787661634570-cji64s",
      "timestamp": "2026-08-25T00:39:27.642Z",
      "commitHash": "001f56feb3e693cd985552c47f7ecc4eb69fe4ca",
      "commitIndex": 1,
      "totalInRun": 3,
      "message": "refactor(graph): sync daily contribution metrics [Index 1/3]",
      "status": "SUCCESS"
    },
    {
      "id": "1787575239660-611rkx",
      "timestamp": "2026-08-24T08:52:38.148Z",
      "commitHash": "pending",
      "commitIndex": 3,
      "totalInRun": 3,
      "message": "docs(streak): update dynamic README telemetry [Index 3/3]",
      "status": "SUCCESS"
    },
    {
      "id": "1787575237171-avyjmo",
      "timestamp": "2026-08-24T04:54:00.808Z",
      "commitHash": "772e228a83f7b1d319cd591e7af7e735f1aca9ab",
      "commitIndex": 2,
      "totalInRun": 3,
      "message": "chore(auto): maintain daily activity ledger [Index 2/3]",
      "status": "SUCCESS"
    },
    {
      "id": "1787575234627-yk7gh9",
      "timestamp": "2026-08-24T00:23:55.919Z",
      "commitHash": "158591877c19efadcb4b8ad420a7548d36dfea66",
      "commitIndex": 1,
      "totalInRun": 3,
      "message": "refactor(graph): sync daily contribution metrics [Index 1/3]",
      "status": "SUCCESS"
    },
    {
      "id": "1787488836995-z4ef1h",
      "timestamp": "2026-08-23T07:22:22.283Z",
      "commitHash": "pending",
      "commitIndex": 2,
      "totalInRun": 2,
      "message": "chore(auto): maintain daily activity ledger [Index 2/2]",
      "status": "SUCCESS"
    },
    {
      "id": "1787488834607-cp62wz",
      "timestamp": "2026-08-23T02:04:39.888Z",
      "commitHash": "024f9d78bea69b60bf64d14ac1f98bc5d3cfc6ec",
      "commitIndex": 1,
      "totalInRun": 2,
      "message": "refactor(graph): sync daily contribution metrics [Index 1/2]",
      "status": "SUCCESS"
    },
    {
      "id": "1787402442835-upqai3",
      "timestamp": "2026-08-22T10:01:03.495Z",
      "commitHash": "pending",
      "commitIndex": 5,
      "totalInRun": 5,
      "message": "perf(graph): optimize daily contribution spread [Index 5/5]",
      "status": "SUCCESS"
    }
  ]
}